[htmldemo.net/corano/corano/index.html]
[backblue.gif]
[fade.gif]
[index.html]
[htmldemo.net/corano/corano/assets/img/favicon.ico]
[htmldemo.net/corano/corano/assets/css/vendor/pe-icon-7-stroke.css]
[htmldemo.net/corano/corano/assets/css/vendor/bootstrap.min.css]
[htmldemo.net/corano/corano/assets/css/vendor/font-awesome.min.css]
[htmldemo.net/corano/corano/assets/css/plugins/slick.min.css]
[htmldemo.net/corano/corano/assets/css/plugins/animate.css]
[htmldemo.net/corano/corano/assets/css/plugins/nice-select.css]
[htmldemo.net/corano/corano/assets/css/plugins/jqueryui.min.css]
[htmldemo.net/corano/corano/assets/img/icon/en.png]
[htmldemo.net/corano/corano/assets/img/icon/fr.png]
[htmldemo.net/corano/corano/assets/img/logo/logo.png]
[htmldemo.net/corano/corano/assets/css/style.css]
[htmldemo.net/corano/corano/index-2.html]
[htmldemo.net/corano/corano/index-3.html]
[htmldemo.net/corano/corano/index-4.html]
[htmldemo.net/corano/corano/index-5.html]
[htmldemo.net/corano/corano/index-6.html]
[htmldemo.net/corano/corano/shop.html]
[htmldemo.net/corano/corano/shop-list-left-sidebar.html]
[htmldemo.net/corano/corano/shop-grid-right-sidebar.html]
[htmldemo.net/corano/corano/shop-list-right-sidebar.html]
[htmldemo.net/corano/corano/product-details.html]
[htmldemo.net/corano/corano/product-details-affiliate.html]
[htmldemo.net/corano/corano/product-details-variable.html]
[htmldemo.net/corano/corano/privacy-policy.html]
[htmldemo.net/corano/corano/cart.html]
[htmldemo.net/corano/corano/checkout.html]
[htmldemo.net/corano/corano/compare.html]
[htmldemo.net/corano/corano/wishlist.html]
[htmldemo.net/corano/corano/my-account.html]
[htmldemo.net/corano/corano/login-register.html]
[htmldemo.net/corano/corano/about-us.html]
[htmldemo.net/corano/corano/contact-us.html]
[htmldemo.net/corano/corano/assets/img/banner/img1-static-menu.jpg]
[htmldemo.net/corano/corano/assets/img/banner/img2-static-menu.jpg]
[htmldemo.net/corano/corano/shop-grid-full-4-col.html]
[htmldemo.net/corano/corano/shop-grid-full-3-col.html]
[htmldemo.net/corano/corano/shop-list-full-width.html]
[htmldemo.net/corano/corano/product-details-group.html]
[htmldemo.net/corano/corano/blog-left-sidebar.html]
[htmldemo.net/corano/corano/blog-list-left-sidebar.html]
[htmldemo.net/corano/corano/blog-right-sidebar.html]
[htmldemo.net/corano/corano/blog-list-right-sidebar.html]
[htmldemo.net/corano/corano/blog-grid-full-width.html]
[htmldemo.net/corano/corano/blog-details.html]
[htmldemo.net/corano/corano/blog-details-left-sidebar.html]
[htmldemo.net/corano/corano/blog-details-audio.html]
[htmldemo.net/corano/corano/blog-details-video.html]
[htmldemo.net/corano/corano/blog-details-image.html]
[htmldemo.net/corano/corano/assets/img/slider/home1-slide2.jpg]
[htmldemo.net/corano/corano/assets/img/slider/home1-slide3.jpg]
[htmldemo.net/corano/corano/assets/img/slider/home1-slide1.jpg]
[htmldemo.net/corano/corano/assets/img/banner/img1-top.jpg]
[htmldemo.net/corano/corano/assets/img/banner/img2-top.jpg]
[htmldemo.net/corano/corano/assets/img/banner/img3-top.jpg]
[htmldemo.net/corano/corano/assets/img/banner/img4-top.jpg]
[htmldemo.net/corano/corano/assets/img/product/product-1.jpg]
[htmldemo.net/corano/corano/assets/img/product/product-18.jpg]
[htmldemo.net/corano/corano/assets/img/product/product-2.jpg]
[htmldemo.net/corano/corano/assets/img/product/product-17.jpg]
[htmldemo.net/corano/corano/assets/img/product/product-3.jpg]
[htmldemo.net/corano/corano/assets/img/product/product-16.jpg]
[htmldemo.net/corano/corano/assets/img/product/product-4.jpg]
[htmldemo.net/corano/corano/assets/img/product/product-15.jpg]
[htmldemo.net/corano/corano/assets/img/product/product-5.jpg]
[htmldemo.net/corano/corano/assets/img/product/product-14.jpg]
[htmldemo.net/corano/corano/assets/img/product/product-6.jpg]
[htmldemo.net/corano/corano/assets/img/product/product-13.jpg]
[htmldemo.net/corano/corano/assets/img/product/product-7.jpg]
[htmldemo.net/corano/corano/assets/img/product/product-12.jpg]
[htmldemo.net/corano/corano/assets/img/product/product-8.jpg]
[htmldemo.net/corano/corano/assets/img/product/product-11.jpg]
[htmldemo.net/corano/corano/assets/img/product/product-9.jpg]
[htmldemo.net/corano/corano/assets/img/product/product-10.jpg]
[htmldemo.net/corano/corano/assets/img/banner/img1-middle.jpg]
[htmldemo.net/corano/corano/assets/img/banner/img2-middle.jpg]
[htmldemo.net/corano/corano/assets/img/banner/img3-middle.jpg]
[htmldemo.net/corano/corano/assets/img/banner/img4-middle.jpg]
[htmldemo.net/corano/corano/assets/img/banner/img5-middle.jpg]
[htmldemo.net/corano/corano/assets/img/testimonial/testimonials-bg.jpg]
[htmldemo.net/corano/corano/assets/img/testimonial/testimonial-1.png]
[htmldemo.net/corano/corano/assets/img/testimonial/testimonial-2.png]
[htmldemo.net/corano/corano/assets/img/testimonial/testimonial-3.png]
[htmldemo.net/corano/corano/assets/img/banner/img-bottom-banner.jpg]
[htmldemo.net/corano/corano/assets/img/blog/blog-img1.jpg]
[htmldemo.net/corano/corano/assets/img/blog/blog-img2.jpg]
[htmldemo.net/corano/corano/assets/img/blog/blog-img3.jpg]
[htmldemo.net/corano/corano/assets/img/blog/blog-img4.jpg]
[htmldemo.net/corano/corano/assets/img/blog/blog-img5.jpg]
[htmldemo.net/corano/corano/assets/img/brand/1.png]
[htmldemo.net/corano/corano/assets/img/brand/2.png]
[htmldemo.net/corano/corano/assets/img/brand/3.png]
[htmldemo.net/corano/corano/assets/img/brand/4.png]
[htmldemo.net/corano/corano/assets/img/brand/5.png]
[htmldemo.net/corano/corano/assets/img/brand/6.png]
[htmldemo.net/corano/corano/assets/img/payment.png]
[htmldemo.net/corano/corano/assets/img/product/product-details-img1.jpg]
[htmldemo.net/corano/corano/assets/img/product/product-details-img2.jpg]
[htmldemo.net/corano/corano/assets/img/product/product-details-img3.jpg]
[htmldemo.net/corano/corano/assets/img/product/product-details-img4.jpg]
[htmldemo.net/corano/corano/assets/img/product/product-details-img5.jpg]
[htmldemo.net/corano/corano/assets/img/cart/cart-1.jpg]
[htmldemo.net/corano/corano/assets/img/cart/cart-2.jpg]
[htmldemo.net/corano/corano/assets/js/vendor/modernizr-3.6.0.min.js]
[htmldemo.net/corano/corano/assets/js/vendor/jquery-3.6.0.min.js]
[htmldemo.net/corano/corano/assets/js/vendor/bootstrap.bundle.min.js]
[htmldemo.net/corano/corano/assets/js/plugins/slick.min.js]
[htmldemo.net/corano/corano/assets/js/plugins/countdown.min.js]
[htmldemo.net/corano/corano/assets/js/plugins/nice-select.min.js]
[htmldemo.net/corano/corano/assets/js/plugins/jqueryui.min.js]
[htmldemo.net/corano/corano/assets/js/plugins/image-zoom.min.js]
[htmldemo.net/corano/corano/assets/js/plugins/imagesloaded.pkgd.min.js]
[htmldemo.net/corano/corano/assets/js/plugins/ajaxchimp.js]
[htmldemo.net/corano/corano/assets/js/plugins/ajax-mail.js]
[htmldemo.net/corano/corano/assets/js/plugins/google-map.js]
[htmldemo.net/corano/corano/index.html]
[htmldemo.net/corano/corano/assets/css/vendor/bootstrap.min.css]
[htmldemo.net/corano/corano/assets/js/main.js]
[htmldemo.net/corano/corano/assets/fonts/Pe-icon-7-strokebb1d.eot]
[htmldemo.net/corano/corano/assets/fonts/Pe-icon-7-stroked41d.eot]
[htmldemo.net/corano/corano/assets/fonts/Pe-icon-7-strokebb1d.woff]
[htmldemo.net/corano/corano/assets/fonts/Pe-icon-7-strokebb1d.ttf]
[htmldemo.net/corano/corano/assets/css/vendor/pe-icon-7-stroke.css]
[htmldemo.net/corano/corano/assets/fonts/Pe-icon-7-strokebb1d.svg]
[htmldemo.net/corano/corano/assets/fonts/fontawesome-webfont3e6e.eot]
[htmldemo.net/corano/corano/assets/fonts/fontawesome-webfontd41d.eot]
[htmldemo.net/corano/corano/assets/fonts/fontawesome-webfont3e6e.woff2]
[htmldemo.net/corano/corano/assets/fonts/fontawesome-webfont3e6e.woff]
[htmldemo.net/corano/corano/assets/fonts/fontawesome-webfont3e6e.ttf]
[htmldemo.net/corano/corano/assets/css/vendor/font-awesome.min.css]
[htmldemo.net/corano/corano/assets/css/plugins/slick.min.css]
[htmldemo.net/corano/corano/assets/css/plugins/animate.css]
[htmldemo.net/corano/corano/assets/css/plugins/nice-select.css]
[htmldemo.net/corano/corano/assets/css/plugins/images/ui-icons_444444_256x240.png]
[htmldemo.net/corano/corano/assets/fonts/fontawesome-webfont3e6e.svg]
[htmldemo.net/corano/corano/assets/css/plugins/images/ui-icons_555555_256x240.png]
[htmldemo.net/corano/corano/assets/css/plugins/images/ui-icons_ffffff_256x240.png]
[htmldemo.net/corano/corano/assets/css/plugins/images/ui-icons_777620_256x240.png]
[htmldemo.net/corano/corano/assets/css/plugins/images/ui-icons_cc0000_256x240.png]
[htmldemo.net/corano/corano/assets/css/plugins/images/ui-icons_777777_256x240.png]
[htmldemo.net/corano/corano/assets/css/plugins/jqueryui.min.css]
[htmldemo.net/corano/corano/assets/img/icon/cancel.png]
[htmldemo.net/corano/corano/assets/css/style.css]
[htmldemo.net/corano/corano/assets/img/slider/home2-slide1.jpg]
[htmldemo.net/corano/corano/assets/img/slider/home2-slide2.jpg]
[htmldemo.net/corano/corano/index-2.html]
[htmldemo.net/corano/corano/assets/img/slider/home3-slide1.jpg]
[htmldemo.net/corano/corano/assets/img/slider/home3-slide2.jpg]
[htmldemo.net/corano/corano/assets/img/slider/home3-slide3.jpg]
[htmldemo.net/corano/corano/assets/img/about/about.jpg]
[htmldemo.net/corano/corano/index-3.html]
[htmldemo.net/corano/corano/assets/img/slider/home4-slide1.jpg]
[htmldemo.net/corano/corano/assets/img/slider/home4-slide2.jpg]
[htmldemo.net/corano/corano/assets/img/instagram/instagram-1.jpg]
[htmldemo.net/corano/corano/assets/img/instagram/instagram-2.jpg]
[htmldemo.net/corano/corano/assets/img/instagram/instagram-3.jpg]
[htmldemo.net/corano/corano/assets/img/instagram/instagram-4.jpg]
[htmldemo.net/corano/corano/assets/img/instagram/instagram-5.jpg]
[htmldemo.net/corano/corano/index-4.html]
[htmldemo.net/corano/corano/index-5.html]
[htmldemo.net/corano/corano/assets/img/slider/home4-slider1.jpg]
[htmldemo.net/corano/corano/assets/img/slider/home4-slider2.jpg]
[htmldemo.net/corano/corano/assets/img/slider/home4-slider3.jpg]
[htmldemo.net/corano/corano/assets/img/slider/home4-slider4.jpg]
[htmldemo.net/corano/corano/assets/img/slider/home4-slider5.jpg]
[htmldemo.net/corano/corano/index-6.html]
[htmldemo.net/corano/corano/assets/img/banner/sidebar-banner.jpg]
[htmldemo.net/corano/corano/shop.html]
[htmldemo.net/corano/corano/shop-grid-right-sidebar.html]
[htmldemo.net/corano/corano/shop-list-left-sidebar.html]
[htmldemo.net/corano/corano/shop-list-right-sidebar.html]
[htmldemo.net/corano/corano/assets/img/about/avatar.jpg]
[htmldemo.net/corano/corano/product-details.html]
[htmldemo.net/corano/corano/product-details-affiliate.html]
[htmldemo.net/corano/corano/product-details-variable.html]
[htmldemo.net/corano/corano/privacy-policy.html]
[htmldemo.net/corano/corano/cart.html]
[htmldemo.net/corano/corano/assets/img/paypal-card.jpg]
[htmldemo.net/corano/corano/checkout.html]
[htmldemo.net/corano/corano/compare.html]
[htmldemo.net/corano/corano/wishlist.html]
[htmldemo.net/corano/corano/my-account.html]
[htmldemo.net/corano/corano/login-register.html]
[htmldemo.net/corano/corano/assets/img/team/team_member_1.jpg]
[htmldemo.net/corano/corano/assets/img/team/team_member_2.jpg]
[htmldemo.net/corano/corano/assets/img/team/team_member_3.jpg]
[htmldemo.net/corano/corano/assets/img/team/team_member_4.jpg]
[htmldemo.net/corano/corano/about-us.html]
[htmldemo.net/corano/corano/contact-us.html]
[htmldemo.net/corano/corano/shop-grid-full-3-col.html]
[htmldemo.net/corano/corano/shop-grid-full-4-col.html]
[htmldemo.net/corano/corano/shop-list-full-width.html]
[htmldemo.net/corano/corano/product-details-group.html]
[htmldemo.net/corano/corano/blog-left-sidebar.html]
[htmldemo.net/corano/corano/blog-list-left-sidebar.html]
[htmldemo.net/corano/corano/blog-right-sidebar.html]
[htmldemo.net/corano/corano/blog-list-right-sidebar.html]
[htmldemo.net/corano/corano/blog-grid-full-width.html]
[htmldemo.net/corano/corano/assets/img/blog/comment-icon.png]
[htmldemo.net/corano/corano/blog-details.html]
[htmldemo.net/corano/corano/blog-details-left-sidebar.html]
[htmldemo.net/corano/corano/blog-details-audio.html]
[htmldemo.net/corano/corano/blog-details-video.html]
[htmldemo.net/corano/corano/blog-details-image.html]
[htmldemo.net/corano/corano/assets/fonts/Pe-icon-7-strokebb1d.svg]
[htmldemo.net/corano/corano/assets/fonts/fontawesome-webfont3e6e.svg]
[htmldemo.net/corano/corano/assets/css/plugins/images/ui-icons_444444_256x240.html]
[htmldemo.net/corano/corano/assets/css/plugins/images/ui-icons_555555_256x240.html]
[htmldemo.net/corano/corano/assets/css/plugins/images/ui-icons_ffffff_256x240.html]
[htmldemo.net/corano/corano/assets/css/plugins/images/ui-icons_777620_256x240.html]
[htmldemo.net/corano/corano/assets/css/plugins/images/ui-icons_cc0000_256x240.html]
[htmldemo.net/corano/corano/assets/css/plugins/images/ui-icons_777777_256x240.html]
